[www.powermag.com/index.html]
[use.typekit.net/iub3fmd.css]
[www.powermag.com/wp-content/themes/power-2020/style3591.css]
[code.jquery.com/jquery-migrate-1.2.1.min.js]
[www.powermag.com/wp-content/themes/power-2020/assets/img/favicon.png]
[www.google.com/recaptcha/api.js]
[code.jquery.com/jquery-1.11.0.min.js]
[www.googletagservices.com/tag/js/gpt.js]
[site-tracking.com/gpt_wrapper.min.js]
[backblue.gif]
[fade.gif]
[index.html]
[www.powermag.com/wp-content/plugins/aicms-power-videos/aicms-power-videos7404.css]
[www.powermag.com/wp-content/plugins/aicms-power-videos/aicms-power-videos-2be96.css]
[www.powermag.com/comments/feed/index.html]
[www.powermag.com/wp-content/plugins/addthis/frontend/build/addthis_wordpress_public.min7404.css]
[www.powermag.com/feed/index.html]
[www.powermag.com/wp-content/themes/power-2020/dist/style-1610385705888ee54.css]
[www.powermag.com/wp-content/plugins/aicms-power-videos/aicms-power-videosbe96.js]
[www.powermag.com/home-page/feed/index.html]
[api.decisionbriefs.com/js/api/user/prefs7404.js]
[api.decisionbriefs.com/js/api/user/modal7404.js]
[www.powermag.com/wp-content/themes/power-2020/dist/home-1610385705888ee54.js]
[www.powermag.com/wp-content/themes/power-2020/dist/common-1610385705888ee54.js]
[www.powermag.com/wp-content/themes/power-2020/js/bootstrap/bootstrap.bundle7404.js]
[www.powermag.com/wp-json/wp/v2/pages/1.json]
[www.powermag.com/wp-json/index.html]
[www.powermag.com/wp-json/oembed/1.0/embed46ff.json]
[www.powermag.com/wp-json/oembed/1.0/embeddf7e]
[apps.decisionbriefs.com/js/custom/bigquery/tracking.js]
[s7.addthis.com/js/300/addthis_widget.js]
[www.powermag.com/wp-content/uploads/2020/11/cropped-p-power-32x32.jpg]
[www.powermag.com/wp-json/tribe/events/v1/index.html]
[www.powermag.com/wp-content/uploads/2020/11/cropped-p-power-192x192.jpg]
[www.powermag.com/wp-content/uploads/2020/11/cropped-p-power-180x180.jpg]
[cdn.jsdelivr.net/npm/slick-carousel@1.8.1/slick/slick.css]
[cdn.jsdelivr.net/npm/slick-carousel@1.8.1/slick/slick.min.js]
[www.powermag.com/wp-content/uploads/2020/02/cropped-logo2x-300x61.png]
[www.powermag.com/membership/index.html]
[www.powermag.com/events/category/power-events/index.html]
[www.powermag.com/category/business/index.html]
[www.powermag.com/category/coal/index.html]
[www.powermag.com/category/connected-plant/index.html]
[www.powermag.com/wp-content/themes/power-2020/assets/img/group319.png]
[www.powermag.com/category/gas/index.html]
[www.powermag.com/category/international/index.html]
[www.powermag.com/category/nuclear/index.html]
[www.powermag.com/category/distributed-generation/index.html]
[www.powermag.com/category/om/index.html]
[www.powermag.com/category/renewables/index.html]
[www.powermag.com/login/index5e6f.html]
[www.powermag.com/login/index.html]
[www.powermag.com/password-reset/index.html]
[www.powermag.com/blog/index.html]
[www.powermag.com/wp-content/uploads/2022/10/800px-pittsburgh-view-from-incline-sm.jpg]
[www.powermag.com/event/index.html]
[www.powermag.com/issues/index.html]
[www.powermag.com/wp-content/uploads/2017/09/power-podcast-art-final.jpg]
[www.powermag.com/partner-content/index.html]
[www.powermag.com/wp-content/uploads/2019/02/refinery-2059775_1920.jpg]
[www.powermag.com/category/power-podcasts/index.html]
[www.powermag.com/wp-content/uploads/2022/10/fig2-partners-in-performance.jpg]
[www.powermag.com/power-awards/index.html]
[www.powermag.com/press-releases/index.html]
[www.powermag.com/wp-content/uploads/2022/07/39861-dec-2022-logos-vert-tealgreen200pxwide.png]
[www.powermag.com/wp-content/uploads/2020/10/experiencepowerlogo.png]
[www.powermag.com/wp-content/uploads/2022/07/41157-hydrogenext-event-logo-new-tag-stacked.png]
[www.powermag.com/videos/index.html]
[www.powermag.com/wp-content/uploads/2022/07/35305-ep-pmi-logo-pms.png]
[www.powermag.com/wp-content/uploads/2022/09/41644-cpc-logo-7th-new-icon-h.jpg]
[www.powermag.com/wp-content/uploads/2020/02/aaron-larson-headshot-1-2019.jpg]
[www.powermag.com/wp-content/uploads/2020/02/sonal-patel-2019.jpg]
[www.powermag.com/wp-content/uploads/2020/11/screen-shot-2020-11-05-at-6-22-02-am.png]
[www.powermag.com/power-coverage-of-the-coronavirus-disease-covid-19/index.html]
[www.powermag.com/webinars/index.html]
[www.powermag.com/wp-content/uploads/2020/10/shutterstock_271378130_720.jpg]
[www.powermag.com/category/biomass/index.html]
[www.powermag.com/wp-content/uploads/2022/10/laukik-patil.jpg]
[www.powermag.com/category/carbon-capture/index.html]
[www.powermag.com/category/climate-change/index.html]
[www.powermag.com/white-papers/index.html]
[www.powermag.com/wp-content/uploads/2022/10/fig2-hrsg-heat-recovery-steam-generator-drew-robb.png]
[www.powermag.com/wp-content/uploads/2022/01/fig2-mobile-remote-tablet-applications-ge-digital.jpg]
[www.powermag.com/category/courts/index.html]
[www.powermag.com/wp-content/uploads/2022/10/david-haight.jpg]
[www.powermag.com/category/cybersecurity-2/index.html]
[www.powermag.com/category/distributed-power/index.html]
[www.powermag.com/wp-content/uploads/2022/10/october-wesco-300x250-digital-ad-fttx-supply-chain-ad-en-na-vf.jpg]
[www.powermag.com/category/electric-vehicles/index.html]
[www.powermag.com/category/energy-storage-2/index.html]
[www.powermag.com/category/environmental/index.html]
[www.powermag.com/category/finance/index.html]
[www.powermag.com/category/fuel-cells/index.html]
[www.powermag.com/category/geothermal/index.html]
[www.powermag.com/wp-content/plugins/duracelltomi-google-tag-manager/js/gtm4wp-form-move-trackerd47c.js]
[www.powermag.com/category/fuel/index.html]
[www.powermag.com/wp-content/plugins/wp-parsely/build/loader0658.js]
[cdn.parsely.com/keys/powermag.com/pccfb.js]
[www.powermag.com/wp-content/plugins/page-links-to/dist/new-tabe485.js]
[www.powermag.com/index.html]
[www.powermag.com/category/hr/index.html]
[www.powermag.com/category/hydro/index.html]
[www.powermag.com/category/iiot/index.html]
[www.powermag.com/category/hydrogen/index.html]
[www.powermag.com/category/legal-regulatory/index.html]
[www.powermag.com/category/legislative/index.html]
[www.powermag.com/category/instrumentation-controls/index.html]
[use.typekit.net/af/2553b3/000000000000000000011c34/27/l652f]
[www.powermag.com/category/markets/index.html]
[use.typekit.net/af/2553b3/000000000000000000011c34/27/d652f]
[www.powermag.com/category/marmaduke/index.html]
[www.powermag.com/category/oceanmarine/index.html]
[use.typekit.net/af/2553b3/000000000000000000011c34/27/a652f]
[www.powermag.com/category/physical-security/index.html]
[use.typekit.net/af/8f2f8d/000000000000000000011c35/27/le265]
[www.powermag.com/category/power-demand/index.html]
[www.powermag.com/category/plant-design/index.html]
[www.powermag.com/category/research-and-development/index.html]
[use.typekit.net/af/8f2f8d/000000000000000000011c35/27/de265]
[www.powermag.com/category/safety/index.html]
[www.powermag.com/category/smart-grid/index.html]
[www.powermag.com/category/solar/index.html]
[use.typekit.net/af/8f2f8d/000000000000000000011c35/27/ae265]
[www.powermag.com/category/supply-chains/index.html]
[use.typekit.net/af/2eef30/000000000000000000011c36/27/l7238]
[www.powermag.com/category/synfuel/index.html]
[www.powermag.com/category/technology-2/index.html]
[use.typekit.net/af/2eef30/000000000000000000011c36/27/d7238]
[www.powermag.com/category/tidal-power/index.html]
[www.powermag.com/category/td/index.html]
[www.powermag.com/category/wind/index.html]
[www.powermag.com/category/water/index.html]
[www.powermag.com/category/waste-to-energy/index.html]
[use.typekit.net/af/2eef30/000000000000000000011c36/27/a7238]
[www.powermag.com/category/workforce/index.html]
[www.powermag.com/issues/power-10012022/index.html]
[www.powermag.com/about-us/index.html]
[use.typekit.net/af/4c54ad/000000000000000000011c38/27/lfdcc]
[www.powermag.com/privacy-policy-terms-conditions/index.html]
[www.powermag.com/contact-us/index.html]
[use.typekit.net/af/4c54ad/000000000000000000011c38/27/dfdcc]
[www.powermag.com/a-pillar-in-the-community-and-collaborator-around-the-world-dlc-powers-pittsburgh/index.html]
[www.powermag.com/category/management/index.html]
[www.powermag.com/author/alarson/index.html]
[use.typekit.net/af/4c54ad/000000000000000000011c38/27/afdcc]
[www.powermag.com/the-power-podcast/index.html]
[www.powermag.com/blue-ammonia-production-efforts-for-fuel-supply-exports-in-high-gear-along-u-s-gulf-coast/index.html]
[www.powermag.com/category/trends/index.html]
[use.typekit.net/af/827015/000000000000000000011c3b/27/le196]
[www.powermag.com/inflation-reduction-act-increased-electrification-and-resulting-utility-implications/index.html]
[www.powermag.com/category/energy-security/index.html]
[use.typekit.net/af/827015/000000000000000000011c3b/27/de196]
[www.powermag.com/author/contributor/index.html]
[www.powermag.com/shift-to-specialty-fuels-a-driving-force-to-build-supply-chain-resilience/index.html]
[use.typekit.net/af/827015/000000000000000000011c3b/27/ae196]
[www.powermag.com/author/spatel/index.html]
[www.powermag.com/author/laukik-patil/index.html]
[www.powermag.com/how-hydrogen-blends-will-impact-hrsg-operation-maintenance-and-performance/index.html]
[use.typekit.net/af/0d8f4c/00000000000000003b9b3882/27/l652f]
[www.powermag.com/author/dave-haight/index.html]
[www.powermag.com/how-satellite-connectivity-can-improve-visibility-and-communication-throughout-the-energy-sector/index.html]
[www.powermag.com/category/iiot/iiot-power/index.html]
[www.powermag.com/videos/simplifying-broadband-deployments/index.html]
[www.powermag.com/videos/indexc880.html]
[use.typekit.net/af/0d8f4c/00000000000000003b9b3882/27/d652f]
[www.powermag.com/webinars/how-to-improve-performance-and-reduce-emissions-when-a-major-hardware-upgrade-is-not-financially-viable/index.html]
[use.typekit.net/af/0d8f4c/00000000000000003b9b3882/27/a652f]
[www.powermag.com/webinars/building-a-plan-to-support-continued-growth-in-ev-adoption/index.html]
[use.typekit.net/af/0618db/00000000000000003b9b3883/27/le265]
[use.typekit.net/af/0618db/00000000000000003b9b3883/27/de265]
[www.powermag.com/webinars/reducing-the-commercial-risk-of-hydrogen-projects-leveraging-a-digital-twin/index.html]
[use.typekit.net/af/0618db/00000000000000003b9b3883/27/ae265]
[use.typekit.net/af/b67c91/00000000000000003b9b387d/27/lfdcc]
[use.typekit.net/af/b67c91/00000000000000003b9b387d/27/dfdcc]
[use.typekit.net/af/ef2129/00000000000000003b9b387c/27/le196]
[use.typekit.net/af/b67c91/00000000000000003b9b387d/27/afdcc]
[use.typekit.net/af/ef2129/00000000000000003b9b387c/27/de196]
[use.typekit.net/af/ef2129/00000000000000003b9b387c/27/ae196]
[use.typekit.net/af/403911/00000000000000003b9b3880/27/l5bba]
[use.typekit.net/af/403911/00000000000000003b9b3880/27/d5bba]
[use.typekit.net/af/403911/00000000000000003b9b3880/27/a5bba]
[use.typekit.net/af/28537c/00000000000000003b9b3881/27/l1f8b]
[use.typekit.net/af/28537c/00000000000000003b9b3881/27/d1f8b]
[use.typekit.net/af/28537c/00000000000000003b9b3881/27/a1f8b]
[use.typekit.net/af/aa1d64/00000000000000003b9b387a/27/l3eab]
[use.typekit.net/af/aa1d64/00000000000000003b9b387a/27/d3eab]
[use.typekit.net/af/aa1d64/00000000000000003b9b387a/27/a3eab]
[use.typekit.net/af/f1bbd8/00000000000000003b9b3d73/27/le003]
[use.typekit.net/af/f1bbd8/00000000000000003b9b3d73/27/de003]
[use.typekit.net/af/f1bbd8/00000000000000003b9b3d73/27/ae003]
[use.typekit.net/af/5fead8/00000000000000003b9b387f/27/laf99]
[use.typekit.net/af/5fead8/00000000000000003b9b387f/27/daf99]
[use.typekit.net/iub3fmd.css]
[www.powermag.com/wp-content/themes/power-2020/style3591.css]
[www.powermag.com/events/indexedf3.html]
[www.powermag.com/wp-content/plugins/aicms-power-videos/aicms-power-videos7404.css]
[use.typekit.net/af/5fead8/00000000000000003b9b387f/27/aaf99]
[www.powermag.com/events-calendar/index.html]
[www.powermag.com/wp-content/plugins/aicms-power-videos/sass/fonts/fontawesome-webfont3e6e.eot]
[www.powermag.com/wp-content/plugins/aicms-power-videos/sass/fonts/fontawesome-webfont3e6e.woff2]
[www.powermag.com/wp-content/plugins/aicms-power-videos/sass/fonts/fontawesome-webfont3e6e.woff]
[www.powermag.com/wp-content/plugins/aicms-power-videos/sass/fonts/fontawesome-webfont3e6e.ttf]
[www.powermag.com/wp-content/plugins/aicms-power-videos/sass/fonts/fontawesome-webfont3e6e.svg]
[www.powermag.com/wp-content/plugins/aicms-power-videos/sass/fonts/fontawesome-webfontd41d.eot]
[www.powermag.com/wp-content/plugins/aicms-power-videos/aicms-power-videos-2be96.css]
[www.powermag.com/wp-content/themes/power-2020/dist/fonts/fa-solid-900.eot]
[www.powermag.com/wp-content/themes/power-2020/dist/fonts/fa-solid-900.woff2]
[www.powermag.com/wp-content/themes/power-2020/dist/fonts/fa-solid-900d41d.eot]
[www.powermag.com/wp-content/themes/power-2020/dist/fonts/fa-solid-900.woff]
[www.powermag.com/wp-content/themes/power-2020/dist/fonts/fa-solid-900.ttf]
[www.powermag.com/wp-content/themes/power-2020/dist/fonts/fa-brands-400.eot]
[www.powermag.com/wp-content/themes/power-2020/dist/fonts/fa-solid-900.svg]
[www.powermag.com/wp-content/themes/power-2020/dist/fonts/fa-brands-400.woff2]
[www.powermag.com/wp-content/themes/power-2020/dist/fonts/fa-brands-400.woff]
[www.powermag.com/wp-content/themes/power-2020/dist/fonts/fa-brands-400.ttf]
[www.powermag.com/wp-content/themes/power-2020/dist/fonts/fa-brands-400.svg]
[www.powermag.com/wp-content/themes/power-2020/img/background-blue.jpg]
[www.powermag.com/wp-content/themes/power-2020/dist/style-1610385705888ee54.css]
[www.powermag.com/wp-content/plugins/addthis/frontend/build/addthis_wordpress_public.min7404.css]
[www.powermag.com/wp-content/plugins/aicms-power-videos/aicms-power-videosbe96.js]
[www.powermag.com/wp-content/themes/power-2020/dist/home-1610385705888ee54.js]
[www.powermag.com/wp-content/themes/power-2020/dist/common-1610385705888ee54.js]
[www.powermag.com/wp-content/themes/power-2020/js/bootstrap/bootstrap.bundle7404.js]
[cdn.jsdelivr.net/npm/slick-carousel@1.8.1/slick/slick.css]
[www.powermag.com/wp-content/themes/power-2020/dist/fonts/fa-brands-400d41d.eot]
[www.powermag.com/wp-content/themes/power-2020/style79b7.css]
[www.powermag.com/wp-content/plugins/aicms-power-videos/aicms-power-videos-29484.css]
[www.powermag.com/wp-content/plugins/aicms-power-videos/aicms-power-videos9484.js]
[www.powermag.com/wp-json/wp/v2/pages/148940.json]
[www.powermag.com/wp-json/oembed/1.0/embed2777.json]
[www.powermag.com/wp-json/oembed/1.0/embedce9c]
[www.powermag.com/wp-content/themes/power-2020/img/power-mag-cover.png]
[www.powermag.com/login/index394e.html]
[www.powermag.com/membership/index.html]
[www.powermag.com/wp-content/plugins/the-events-calendar/common/src/resources/css/accessibility.min2b11.css]
[www.powermag.com/wp-content/plugins/the-events-calendar/src/resources/css/tribe-events-full.minacca.css]
[www.powermag.com/wp-content/plugins/the-events-calendar/vendor/jquery/smoothness/jquery-ui-1.8.23.customacca.css]
[www.powermag.com/events/feed/index.html]
[www.powermag.com/wp-content/plugins/the-events-calendar/vendor/bootstrap-datepicker/css/bootstrap-datepicker.standalone.minacca.css]
[www.powermag.com/wp-content/plugins/the-events-calendar/src/resources/css/tribe-events-theme.minacca.css]
[www.powermag.com/e-letter-signup/index.html]
[www.powermag.com/wp-content/plugins/the-events-calendar/src/resources/css/tribe-events-full-mobile.minacca.css]
[www.powermag.com/wp-content/plugins/the-events-calendar/src/resources/css/tribe-events-theme-mobile.minacca.css]
[www.powermag.com/wp-content/plugins/the-events-calendar/vendor/jquery-resize/jquery.ba-resize.minacca.js]
[www.powermag.com/wp-content/plugins/the-events-calendar/vendor/bootstrap-datepicker/js/bootstrap-datepicker.minacca.js]
[www.powermag.com/wp-content/plugins/the-events-calendar/vendor/jquery-placeholder/jquery.placeholder.minacca.js]
[www.powermag.com/wp-content/plugins/the-events-calendar/common/vendor/momentjs/moment.min2b11.js]
[www.powermag.com/wp-content/plugins/the-events-calendar/common/vendor/momentjs/locale.min2b11.js]
[www.powermag.com/wp-content/plugins/the-events-calendar/src/resources/js/tribe-events.minacca.js]
[www.powermag.com/wp-content/plugins/the-events-calendar/vendor/php-date-formatter/js/php-date-formatter.minacca.js]
[www.powermag.com/wp-content/plugins/the-events-calendar/src/resources/js/events-dynamic.minacca.js]
[www.powermag.com/wp-content/plugins/the-events-calendar/src/resources/js/tribe-events-bar.minacca.js]
[www.powermag.com/wp-json/wp/v2/tribe_events_cat/25601.json]
[www.powermag.com/wp-content/plugins/the-events-calendar/src/resources/images/tribe-loading.gif]
[www.powermag.com/wp-json/tribe/events/v1/events/indexf34b.html]
[www.powermag.com/wp-content/uploads/2022/09/41644-cpc-logo-7th-new-icon-h-300x72.jpg]
[www.powermag.com/login/index5466.html]
[www.powermag.com/wp-content/plugins/the-events-calendar/src/resources/js/tribe-events-ajax-list.minacca.js]
[www.powermag.com/events/category/power-events/index.html]
[www.powermag.com/wp-content/themes/power-2020/stylead7d.css]
[www.powermag.com/events/category/power-events/list/index.html]
[www.powermag.com/events/category/power-events/list/index9c29.html]
[www.powermag.com/wp-content/plugins/aicms-power-videos/aicms-power-videos1141.js]
[www.powermag.com/event/connected-plant-conference/index.html]
[www.powermag.com/wp-content/themes/power-2020/dist/category-16103857058887404.js]
[www.powermag.com/wp-json/wp/v2/categories/17.json]
[www.powermag.com/category/business/feed/index.html]
[www.powermag.com/category/business/page/2/index.html]
[www.powermag.com/wp-content/uploads/2022/10/pv-solar-hail.jpg]
[www.powermag.com/category/business/index.html]
[www.powermag.com/wp-content/plugins/aicms-power-videos/aicms-power-videos-21141.css]
[www.powermag.com/wp-content/uploads/2022/10/pickering-nuclear-power-plant-opg.jpg]
[www.powermag.com/login/indexe4c1.html]
[www.powermag.com/wp-content/themes/power-2020/styled3e4.css]
[www.powermag.com/wp-content/plugins/aicms-power-videos/aicms-power-videos-22852.css]
[www.powermag.com/wp-content/plugins/aicms-power-videos/aicms-power-videos2852.js]
[www.powermag.com/wp-json/wp/v2/categories/18.json]
[www.powermag.com/wp-content/uploads/2022/10/image0.jpg]
[www.powermag.com/evolving-extreme-weather-risks-posing-unprecedented-insurance-woes-for-renewables/index.html]
[www.powermag.com/canadas-opg-and-czech-republics-cez-partner-to-advance-smr-and-other-nuclear-technology/index.html]
[www.powermag.com/wp-content/uploads/2019/10/fig-3-scattergoodpower-plant-decommissioning.jpg]
[www.powermag.com/category/coal/page/2/index.html]
[www.powermag.com/wp-content/uploads/2022/10/bp-oct2022-powerbydecades-webphoto-scaled.jpg]
[www.powermag.com/category/coal/feed/index.html]
[www.powermag.com/login/index27cf.html]
[www.powermag.com/wp-content/uploads/2020/02/darrell.jpg]
[www.powermag.com/wp-content/uploads/2021/02/power_wordart_sp.jpg]
[www.powermag.com/balancing-the-scales-disparities-in-decommissioning-practices-for-renewable-and-non-renewable-energy/index.html]
[www.powermag.com/author/janique-williams/index.html]
[www.powermag.com/wp-content/uploads/2022/10/fig2-pxise-baterry-energy-storage-system.jpg]
[www.powermag.com/the-big-picture-power-plant-additions-over-the-decades-infographic/index.html]
[www.powermag.com/power-digest-october-2022/index.html]
[www.powermag.com/wp-content/uploads/2020/11/p-power.jpg]
[www.powermag.com/wp-content/uploads/2017/10/1882_powerlaunch_power.jpg]
[www.powermag.com/wp-content/uploads/2015/11/PWR_110115_GM_Fig3.jpg]
[www.powermag.com/category/coal/index.html]
[www.powermag.com/australia-taking-renewable-approach-to-decommissioning-coal-plants/index.html]
[www.powermag.com/author/dproctor/index.html]
[www.powermag.com/history-of-power-the-evolution-of-the-electric-generation-industry/index.html]
[www.powermag.com/author/aiwpadmin/index.html]
[www.powermag.com/wp-json/wp/v2/categories/11903.json]
[www.powermag.com/category/connected-plant/feed/index.html]
[www.powermag.com/carbon-capture-begins-at-indias-largest-coal-power-plant/index.html]
[www.powermag.com/category/connected-plant/page/2/index.html]
[www.powermag.com/wp-content/uploads/2022/08/petko-stoyanov-headshot.png]
[www.powermag.com/wp-content/uploads/2019/05/fig-2-cybersecurity.jpg]
[www.powermag.com/wp-content/uploads/2022/07/dominique-verhulst-nokia-headshot-3321.jpg]
[www.powermag.com/login/indexe663.html]
[www.powermag.com/zero-trust-protecting-critical-infrastructure-and-responding-to-cisas-shields-up/index.html]
[www.powermag.com/wp-content/uploads/2022/08/fig2-nokia-industrial-lte-device.jpg]
[www.powermag.com/author/petko-stoyanov/index.html]
[www.powermag.com/wp-content/uploads/2020/10/shutterstock_1236384691_720.jpg]
[www.powermag.com/how-private-wireless-solutions-enable-digital-power-plants-transformation/index.html]
[www.powermag.com/author/dominique-verhulst/index.html]
[www.powermag.com/wp-content/uploads/2022/07/fabien-rech.jpg]
[www.powermag.com/heres-how-utilities-are-primed-to-lead-americas-race-to-clean-energy/index.html]
[www.powermag.com/digitalisation-and-cyber-resilience-why-the-energy-and-utilities-sector-is-a-top-target-for-cybercrime/index.html]
[www.powermag.com/wp-content/uploads/2017/08/fig-2_cybersecurity.jpg]
[www.powermag.com/wp-content/uploads/2022/06/pr-kumar.jpg]
[www.powermag.com/wp-content/uploads/2014/05/Cybersecurity_image.jpg]
[www.powermag.com/category/connected-plant/index.html]
[www.powermag.com/author/fabien-rech/index.html]
[www.powermag.com/security-of-cyber-physical-systems/index.html]
[www.powermag.com/author/p-r-kumar/index.html]
[www.powermag.com/wp-json/wp/v2/categories/19.json]
[www.powermag.com/wp-content/uploads/2022/10/wartsila-netherlands-project-october-2022.png]
[www.powermag.com/category/distributed-generation/feed/index.html]
[www.powermag.com/category/distributed-generation/page/2/index.html]
[www.powermag.com/wp-content/uploads/2022/10/larry-sherwood-irec.jpg]
[www.powermag.com/wp-content/uploads/2022/01/fig5-solar-cuba-shutterstock.jpg]
[www.powermag.com/wp-content/uploads/2022/09/anders-sjoelin.png]
[www.powermag.com/wp-content/uploads/2022/09/electric-points-anders-power-mag.jpg]
[www.powermag.com/login/index68ab.html]
[www.powermag.com/wp-content/uploads/2022/09/eia-energyenduse2021.jpg]
[www.powermag.com/netherlands-commissions-countrys-largest-energy-storage-system/index.html]
[www.powermag.com/how-to-continue-the-solar-jobs-success-story/index.html]
[www.powermag.com/wp-content/uploads/2022/09/splash-sfo-harvey-milk-terminal.jpg]
[www.powermag.com/author/larry-sherwood/index.html]
[www.powermag.com/can-the-power-grid-handle-more-evs/index.html]
[www.powermag.com/wp-content/uploads/2021/12/fig1-julia-hamm-sepa-ep-2021.jpg]
[www.powermag.com/category/distributed-generation/index.html]
[www.powermag.com/author/anders-sjoelin/index.html]
[www.powermag.com/biden-administration-targets-industrial-decarbonization-through-electrification-low-carbon-fuels-ccus/index.html]
[www.powermag.com/airport-upgrade-highlights-history-energy-efficiency/index.html]
[www.powermag.com/wp-json/wp/v2/categories/22.json]
[www.powermag.com/2022-experience-power-distributed-energy-conference-and-hydrogenext-show-preview/index.html]
[www.powermag.com/category/gas/page/2/index.html]
[www.powermag.com/wp-content/uploads/2022/10/renewable-natural-gas-biodigester-shutterstock.png]
[www.powermag.com/category/gas/feed/index.html]
[www.powermag.com/wp-content/uploads/2022/10/chonburigtcc-mitsubishipower.jpg]
[www.powermag.com/wp-content/uploads/2014/07/PWR_070114_TempPower_Fig3.jpg]
[www.powermag.com/category/gas/index.html]
[www.powermag.com/login/indexb950.html]
[www.powermag.com/bp-buying-leading-rng-production-group-in-4-1-billion-deal/index.html]
[www.powermag.com/thailand-starts-up-first-of-two-giant-2-7-gw-natural-gas-fired-combined-cycle-power-plants/index.html]
[www.powermag.com/wp-json/wp/v2/categories/3330.json]
[www.powermag.com/switzerland-secures-250-mw-ge-gas-power-temporary-power-plant-for-crucial-winter-reserve/index.html]
[www.powermag.com/wp-content/uploads/2022/10/image044.jpg]
[www.powermag.com/category/international/index.html]
[www.powermag.com/category/international/feed/index.html]
[www.powermag.com/login/index7db1.html]
[www.powermag.com/category/international/page/2/index.html]
[www.powermag.com/ukraine-grid-operator-issues-call-for-help-needs-equipment-to-keep-lights-on/index.html]
[www.powermag.com/wp-json/wp/v2/categories/27.json]
[www.powermag.com/wp-content/uploads/2022/10/lianjiangnuclearplant-spic.png]
[www.powermag.com/wp-content/uploads/2022/10/westinghouse-photo.jpg]
[www.powermag.com/wp-content/uploads/2022/10/step-hero-1.jpg]
[www.powermag.com/category/nuclear/feed/index.html]
[www.powermag.com/category/nuclear/page/2/index.html]
[www.powermag.com/category/nuclear/index.html]
[www.powermag.com/login/index2d04.html]
[www.powermag.com/china-will-add-two-more-ap1000-nuclear-reactors/index.html]
[www.powermag.com/wp-json/wp/v2/categories/28.json]
[www.powermag.com/nuclear-giant-westinghouse-acquired-by-renewable-power-company-and-uranium-fuel-supplier/index.html]
[www.powermag.com/uk-picks-coal-power-plant-as-site-for-nuclear-fusion-energy-prototype/index.html]
[www.powermag.com/ansaldo-westinghouse-partner-on-nuclear-plant-based-on-lead-cooled-fast-reactor-design/index.html]
[www.powermag.com/wp-content/uploads/2022/10/splash-cane-island-power-plant-aerial.jpg]
[www.powermag.com/wp-content/uploads/2022/10/new-fig3-antonov-cargo-aircraft-loading-boiler.jpg]
[www.powermag.com/category/om/page/2/index.html]
[www.powermag.com/category/om/feed/index.html]
[www.powermag.com/wp-content/uploads/2022/10/fig2.jpg]
[www.powermag.com/fun-in-the-sun-cane-island-is-a-central-florida-treasure/index.html]
[www.powermag.com/rental-boilers-fill-process-steam-gaps-during-crucial-production-periods/index.html]
[www.powermag.com/wp-content/uploads/2022/10/tim-karimov-president-onecharge.jpg]
[www.powermag.com/wp-content/uploads/2022/10/onecharge-lithium-battery-hyster-electric-forklift.jpg]
[www.powermag.com/category/om/index.html]
[www.powermag.com/net-zero-goals-require-decarbonization-across-the-value-chain/index.html]
[www.powermag.com/switching-to-an-electric-forklift-how-to-calculate-the-battery-amp-hour-capacity/index.html]
[www.powermag.com/author/tim-karamov/index.html]
[www.powermag.com/wp-json/wp/v2/categories/30.json]
[www.powermag.com/wp-content/uploads/2019/11/offshore-wind.jpg]
[www.powermag.com/wp-content/uploads/2022/10/download.png]
[www.powermag.com/wp-content/uploads/2022/10/figure-2.png]
[www.powermag.com/category/renewables/feed/index.html]
[www.powermag.com/category/renewables/page/2/index.html]
[www.powermag.com/login/index3613.html]
[www.powermag.com/wp-content/uploads/2022/10/bitcoin-mining.jpg]
[www.powermag.com/category/renewables/index.html]
[www.powermag.com/u-s-announces-first-sale-of-rights-for-california-offshore-wind-development/index.html]
[www.powermag.com/author/enverus/index.html]
[www.powermag.com/partner-content/battery-energy-storage-returns-set-to-decline/index.html]
[www.powermag.com/how-bitcoin-mining-can-help-power-companies-optimize-generation-assets/index.html]
[www.powermag.com/wp-json/wp/v2/pages/76452.json]
[www.powermag.com/login/feed/index.html]
[www.powermag.com/wp-json/oembed/1.0/embed028a.json]
[www.powermag.com/wp-json/oembed/1.0/embed0a87]
[www.powermag.com/login/index5e6f.html]
[www.powermag.com/login/index.html]
[www.powermag.com/set-login-data/index.html]
[www.powermag.com/login/indexc2d3.html]
[www.powermag.com/wp-json/wp/v2/pages/76444.json]
[www.powermag.com/password-reset/feed/index.html]
[www.powermag.com/wp-json/oembed/1.0/embed313d.json]
[www.powermag.com/wp-json/oembed/1.0/embed2233]
[www.powermag.com/wp-content/plugins/aicore-gating/js/gating.js]
[www.powermag.com/password-reset/index.html]
[www.powermag.com/wp-content/themes/power-2020/assets/img/mailbox.png]
[www.powermag.com/login/indexd753.html]
[www.powermag.com/issues/feed/index.html]
[www.powermag.com/login/indexe1ef.html]
[www.powermag.com/siemens-gamesa-will-cut-nearly-3000-jobs/index.html]
[www.powermag.com/issues/page/2/index.html]
[www.powermag.com/eletters/renewable-power-direct-october-19-2022/index.html]
[www.powermag.com/biden-signs-bill-to-transform-u-s-energy-combat-climate-change/index.html]
[www.powermag.com/biden-administration-throws-support-behind-floating-offshore-wind/index.html]
[www.powermag.com/eletters/renewable-power-direct-sept-21-2022/index.html]
[www.powermag.com/does-latest-energy-earthshot-will-tackle-technical-economic-challenges-for-enhanced-geothermal-systems/index.html]
[www.powermag.com/boems-first-two-offshore-wind-areas-in-the-gulf-of-mexico-could-feed-texas-louisiana/index.html]
[www.powermag.com/report-notes-continued-growth-of-hybrid-power-plants/index.html]
[www.powermag.com/eletters/renewable-power-direct-august-17-2022/index.html]
[www.powermag.com/china-group-announces-successful-test-of-space-based-solar-power/index.html]
[www.powermag.com/ges-energy-business-will-have-a-new-name-vernova/index.html]
[www.powermag.com/wudongde-project-takes-hydro-to-new-heights/index.html]
[www.powermag.com/eletters/renewable-power-direct-july-20-2022/index.html]
[www.powermag.com/solar-power-plant-maintenance-with-thermal-uav-inspection-technology/index.html]
[www.powermag.com/large-scale-enhanced-geothermal-system-trial-successfully-completed/index.html]
[www.powermag.com/eletters/renewable-power-direct-june-22-2020/index.html]
[www.powermag.com/grid-interconnection-queue-filled-with-solar-and-energy-storage-projects/index.html]
[www.powermag.com/california-again-facing-summer-supply-vulnerabilities-eyes-20-gw-offshore-wind-goal/index.html]
[www.powermag.com/eletters/renewable-power-direct-may-18-2022/index.html]
[www.powermag.com/the-power-interview-importance-of-pricing-data-for-renewable-energy/index.html]
[www.powermag.com/vestas-cutting-jobs-despite-leading-wind-installations/index.html]
[www.powermag.com/blackrock-led-group-invests-525m-toward-india-renewable-energy/index.html]
[www.powermag.com/eletters/renewable-power-direct-april-20-2022/index.html]
[www.powermag.com/u-s-tops-200-gw-of-renewables-but-deployment-slows/index.html]
[www.powermag.com/cps-energy-exploring-novel-geomechanical-pumped-storage-technology/index.html]
[www.powermag.com/ge-exec-expects-rebound-for-renewables/index.html]
[www.powermag.com/eletters/renewable-power-direct-march-16-2022/index.html]
[www.powermag.com/issues/index.html]
[www.powermag.com/blog/index.html]
[www.powermag.com/partner-content/index.html]
[www.powermag.com/event/index.html]
[www.powermag.com/careers-in-power/index.html]
[www.powermag.com/category/power-podcasts/index.html]
[www.powermag.com/power-awards/index.html]
[www.powermag.com/press-releases/index.html]
[www.powermag.com/videos/index.html]
[www.powermag.com/webinars/index.html]
[www.powermag.com/white-papers/index.html]
[www.powermag.com/power-coverage-of-the-coronavirus-disease-covid-19/index.html]
[www.powermag.com/category/biomass/index.html]
[www.powermag.com/category/carbon-capture/index.html]
[www.powermag.com/category/climate-change/index.html]
